---
source: crates/opi-tui/tests/diff_view_snapshots.rs
assertion_line: 119
expression: "render(dv, 80, 24)"
---
┌ diff: new_file.rs ───────────────────────────────────────────────────────────┐
│@@ -1,0 +1,1 @@                                                               │
│   1 │ +fn main() {}                                                          │
│                                                                              │
│                                                                              │
│                                                                              │
│                                                                              │
│                                                                              │
│                                                                              │
│                                                                              │
│                                                                              │
│                                                                              │
│                                                                              │
│                                                                              │
│                                                                              │
│                                                                              │
│                                                                              │
│                                                                              │
│                                                                              │
│                                                                              │
│                                                                              │
│                                                                              │
│                                                                              │
└──────────────────────────────────────────────────────────────────────────────┘
