---
source: crates/opi-tui/tests/image_view_snapshots.rs
assertion_line: 136
expression: "render(widget, 80, 24)"
---
┌ Messages ────────────────────────────────────────────────────────────────────┐
│Tool: [Image: 640x480 PNG]                                                    │
│_Ga=T,f=24,s=640,v=480,t=d,iVBORw==;\                                         │
│                                                                              │
│                                                                              │
│                                                                              │
│                                                                              │
│                                                                              │
│                                                                              │
│                                                                              │
│                                                                              │
│                                                                              │
│                                                                              │
│                                                                              │
│                                                                              │
│                                                                              │
│                                                                              │
│                                                                              │
│                                                                              │
│                                                                              │
│                                                                              │
│                                                                              │
│                                                                              │
└──────────────────────────────────────────────────────────────────────────────┘
