---
source: crates/opi-tui/tests/image_view_snapshots.rs
assertion_line: 135
expression: "render(widget, 80, 24)"
---
┌ Messages ────────────────────────────────────────────────────────────────────┐
│Tool: [Image: 640x480 PNG]                                                    │
│_Ga=T,f=100;iVBORw==\                                                         │
│                                                                              │
│                                                                              │
│                                                                              │
│                                                                              │
│                                                                              │
│                                                                              │
│                                                                              │
│                                                                              │
│                                                                              │
│                                                                              │
│                                                                              │
│                                                                              │
│                                                                              │
│                                                                              │
│                                                                              │
│                                                                              │
│                                                                              │
│                                                                              │
│                                                                              │
│                                                                              │
└──────────────────────────────────────────────────────────────────────────────┘
