---
source: crates/opi-tui/tests/markdown_snapshots.rs
assertion_line: 90
expression: "render(cb, 80, 10)"
---
┌ code ────────────────────────────────────────────────────────────────────────┐
│some plain text                                                               │
│code here                                                                     │
│                                                                              │
│                                                                              │
│                                                                              │
│                                                                              │
│                                                                              │
│                                                                              │
└──────────────────────────────────────────────────────────────────────────────┘
