---
source: crates/opi-tui/tests/select_list_snapshots.rs
assertion_line: 52
expression: "render(widget, 80, 24)"
---
┌ Models ──────────────────────────────────────────────────────────────────────┐
│> gpt                                                                         │
│> GPT-4o                                                                 OpenA│
│GPT-4o Mini                                                            OpenAI │
│                                                                              │
│                                                                              │
│                                                                              │
│                                                                              │
│                                                                              │
│                                                                              │
│                                                                              │
│                                                                              │
│                                                                              │
│                                                                              │
│                                                                              │
│                                                                              │
│                                                                              │
│                                                                              │
│                                                                              │
│                                                                              │
│                                                                              │
│                                                                              │
│                                                                              │
└──────────────────────────────────────────────────────────────────────────────┘
