---
source: crates/opi-tui/tests/select_list_snapshots.rs
assertion_line: 75
expression: "render(widget, 80, 24)"
---
┌ Sessions ────────────────────────────────────────────────────────────────────┐
│Type to filter...                                                             │
│No matches                                                                    │
│                                                                              │
│                                                                              │
│                                                                              │
│                                                                              │
│                                                                              │
│                                                                              │
│                                                                              │
│                                                                              │
│                                                                              │
│                                                                              │
│                                                                              │
│                                                                              │
│                                                                              │
│                                                                              │
│                                                                              │
│                                                                              │
│                                                                              │
│                                                                              │
│                                                                              │
│                                                                              │
└──────────────────────────────────────────────────────────────────────────────┘
