---
source: crates/opi-tui/tests/select_list_snapshots.rs
expression: "render(widget, 80, 24)"
---
┌ Models ──────────────────────────────────────────────────────────────────────┐
│> gpt                                                                         │
│> GPT-4o                                                                OpenAI│
│GPT-4o Mini                                                             OpenAI│
│                                                                              │
│                                                                              │
│                                                                              │
│                                                                              │
│                                                                              │
│                                                                              │
│                                                                              │
│                                                                              │
│                                                                              │
│                                                                              │
│                                                                              │
│                                                                              │
│                                                                              │
│                                                                              │
│                                                                              │
│                                                                              │
│                                                                              │
│                                                                              │
│                                                                              │
└──────────────────────────────────────────────────────────────────────────────┘
