---
source: crates/opi-tui/tests/session_branching_snapshots.rs
expression: "render(widget, 80, 24)"
---
┌ Branches ────────────────────────────────────────────────────────────────────┐
│>  * Trunk                                                              3 msgs│
│   Alt path                                                             2 msgs│
│                                                                              │
│                                                                              │
│                                                                              │
│                                                                              │
│                                                                              │
│                                                                              │
│                                                                              │
│                                                                              │
│                                                                              │
│                                                                              │
│                                                                              │
│                                                                              │
│                                                                              │
│                                                                              │
│                                                                              │
│                                                                              │
│                                                                              │
│                                                                              │
│                                                                              │
│                                                                              │
└──────────────────────────────────────────────────────────────────────────────┘
