---
source: crates/opi-tui/tests/tui_snapshots.rs
assertion_line: 62
expression: "render(widget, 80, 10)"
---
┌ Messages ────────────────────────────────────────────────────────────────────┐
│                                                                              │
│                                                                              │
│                                                                              │
│                                                                              │
│                                                                              │
│                                                                              │
│                                                                              │
│                                                                              │
└──────────────────────────────────────────────────────────────────────────────┘
