---
source: crates/opi-tui/tests/tui_snapshots.rs
assertion_line: 152
expression: "render(shell, 80, 24)"
---
┌ Messages ────────────────────────────────────────────────────────────────────┐
│                                                                              │
│                                                                              │
│                                                                              │
│                                                                              │
│                                                                              │
│                                                                              │
│                                                                              │
│                                                                              │
│                                                                              │
│                                                                              │
│                                                                              │
│                                                                              │
│                                                                              │
│                                                                              │
│                                                                              │
│                                                                              │
│                                                                              │
│                                                                              │
└──────────────────────────────────────────────────────────────────────────────┘
 claude-sonnet-4-5-20250514 [idle]
┌ Input ───────────────────────────────────────────────────────────────────────┐
│Type a message...                                                             │
└──────────────────────────────────────────────────────────────────────────────┘
